
Memory Configuration

Name             Origin             Length             Attributes
FLASH            0x08000000         0x00080000         xr
SRAM             0x20000000         0x00020000         xrw
*default*        0x00000000         0xffffffff

Linker script and memory map

LOAD main.o
LOAD RCC_program.o
LOAD GPIO_program.o
LOAD Stm32_F446RE_Startup.o

.text           0x08000000      0xbf0
 *(.isr_vector)
 .isr_vector    0x08000000      0x1c4 Stm32_F446RE_Startup.o
                0x08000000                Vectors
 *(.text)
 .text          0x080001c4       0x48 main.o
                0x080001c4                main
 .text          0x0800020c      0x594 RCC_program.o
                0x0800020c                RCC_u8SetClockSrc
                0x080003cc                RCC_u8SetSysClock
                0x08000474                RCC_u8PLLConfig
                0x080005b8                RCC_u8PeripheralClkEnable
                0x08000674                RCC_u8PeripheralClkDisable
                0x08000738                RCC_u8GetSysClk
 .text          0x080007a0      0x3b8 GPIO_program.o
                0x080007a0                GPIO_u8PinInit
                0x08000a2c                GPIO_u8SetPinValue
                0x08000aac                GPIO_u8TogglePinValue
                0x08000b04                GPIO_u8ReadPinValue
 .text          0x08000b58       0x94 Stm32_F446RE_Startup.o
                0x08000b58                Reset_Handler
                0x08000be4                EXTI2_IRQHandler
                0x08000be4                TIM8_CC_IRQHandler
                0x08000be4                DebugMon_Handler
                0x08000be4                FMPI2C1_EV_IRQHandler
                0x08000be4                SPI4_IRQHandler
                0x08000be4                TIM1_CC_IRQHandler
                0x08000be4                DMA2_Stream5_IRQHandler
                0x08000be4                HardFault_Handler
                0x08000be4                DMA1_Stream5_IRQHandler
                0x08000be4                SysTick_Handler
                0x08000be4                PVD_IRQHandler
                0x08000be4                SDIO_IRQHandler
                0x08000be4                TAMP_STAMP_IRQHandler
                0x08000be4                PendSV_Handler
                0x08000be4                NMI_Handler
                0x08000be4                CAN2_RX1_IRQHandler
                0x08000be4                EXTI3_IRQHandler
                0x08000be4                TIM1_UP_TIM10_IRQHandler
                0x08000be4                TIM8_UP_TIM13_IRQHandler
                0x08000be4                I2C3_ER_IRQHandler
                0x08000be4                EXTI0_IRQHandler
                0x08000be4                I2C2_EV_IRQHandler
                0x08000be4                DMA1_Stream2_IRQHandler
                0x08000be4                CAN1_RX0_IRQHandler
                0x08000be4                FPU_IRQHandler
                0x08000be4                OTG_HS_WKUP_IRQHandler
                0x08000be4                UsageFault_Handler
                0x08000be4                CAN2_SCE_IRQHandler
                0x08000be4                DMA2_Stream2_IRQHandler
                0x08000be4                SPI1_IRQHandler
                0x08000be4                TIM6_DAC_IRQHandler
                0x08000be4                TIM1_BRK_TIM9_IRQHandler
                0x08000be4                DCMI_IRQHandler
                0x08000be4                CAN2_RX0_IRQHandler
                0x08000be4                DMA2_Stream3_IRQHandler
                0x08000be4                SAI2_IRQHandler
                0x08000be4                USART6_IRQHandler
                0x08000be4                TIM1_TRG_COM_TIM11_IRQHandl
                0x08000be4                USART3_IRQHandler
                0x08000be4                RTC_Alarm_IRQHandler
                0x08000be4                TIM8_TRG_COM_TIM14_IRQHandl
                0x08000be4                CAN1_RX1_IRQHandler
                0x08000be4                UART5_IRQHandler
                0x08000be4                DMA2_Stream0_IRQHandler
                0x08000be4                TIM4_IRQHandler
                0x08000be4                QUADSPI_IRQHandler
                0x08000be4                I2C1_EV_IRQHandler
                0x08000be4                DMA1_Stream6_IRQHandler
                0x08000be4                DMA1_Stream1_IRQHandler
                0x08000be4                UART4_IRQHandler
                0x08000be4                TIM3_IRQHandler
                0x08000be4                RCC_IRQHandler
                0x08000be4                TIM8_BRK_TIM12_IRQHandler
                0x08000be4                Default_Handler
                0x08000be4                CEC_IRQHandler
                0x08000be4                EXTI15_10_IRQHandler
                0x08000be4                ADC_IRQHandler
                0x08000be4                DMA1_Stream7_IRQHandler
                0x08000be4                TIM7_IRQHandler
                0x08000be4                CAN2_TX_IRQHandler
                0x08000be4                TIM5_IRQHandler
                0x08000be4                DMA2_Stream7_IRQHandler
                0x08000be4                I2C3_EV_IRQHandler
                0x08000be4                EXTI9_5_IRQHandler
                0x08000be4                RTC_WKUP_IRQHandler
                0x08000be4                SPDIF_RX_IRQHandler
                0x08000be4                SPI2_IRQHandler
                0x08000be4                OTG_HS_EP1_IN_IRQHandler
                0x08000be4                MemManage_Handler
                0x08000be4                DMA1_Stream0_IRQHandler
                0x08000be4                CAN1_TX_IRQHandler
                0x08000be4                SVC_Handler
                0x08000be4                FMPI2C1_ER_IRQHandler
                0x08000be4                EXTI4_IRQHandler
                0x08000be4                OTG_HS_EP1_OUT_IRQHandler
                0x08000be4                WWDG_IRQHandler
                0x08000be4                TIM2_IRQHandler
                0x08000be4                OTG_FS_WKUP_IRQHandler
                0x08000be4                OTG_HS_IRQHandler
                0x08000be4                EXTI1_IRQHandler
                0x08000be4                USART2_IRQHandler
                0x08000be4                I2C2_ER_IRQHandler
                0x08000be4                DMA2_Stream1_IRQHandler
                0x08000be4                CAN1_SCE_IRQHandler
                0x08000be4                FLASH_IRQHandler
                0x08000be4                DMA2_Stream4_IRQHandler
                0x08000be4                BusFault_Handler
                0x08000be4                USART1_IRQHandler
                0x08000be4                OTG_FS_IRQHandler
                0x08000be4                SPI3_IRQHandler
                0x08000be4                DMA1_Stream4_IRQHandler
                0x08000be4                I2C1_ER_IRQHandler
                0x08000be4                FMC_IRQHandler
                0x08000be4                DMA2_Stream6_IRQHandler
                0x08000be4                SAI1_IRQHandler
                0x08000be4                DMA1_Stream3_IRQHandler
 *(.rodata)
 .rodata        0x08000bec        0x4 main.o
                0x08000bec                x
                0x08000bf0                        . = ALIGN (0x4)
                0x08000bf0                        _EText = .

.glue_7         0x08000bf0        0x0
 .glue_7        0x08000bf0        0x0 linker stubs

.glue_7t        0x08000bf0        0x0
 .glue_7t       0x08000bf0        0x0 linker stubs

.vfp11_veneer   0x08000bf0        0x0
 .vfp11_veneer  0x08000bf0        0x0 linker stubs

.v4_bx          0x08000bf0        0x0
 .v4_bx         0x08000bf0        0x0 linker stubs

.iplt           0x08000bf0        0x0
 .iplt          0x08000bf0        0x0 main.o

.rel.dyn        0x08000bf0        0x0
 .rel.iplt      0x08000bf0        0x0 main.o

.data           0x20000000       0x20 load address 0x08000bf0
                0x20000000                        _Sdata = .
 *(.data)
 .data          0x20000000        0x0 main.o
 .data          0x20000000        0x0 RCC_program.o
 .data          0x20000000       0x20 GPIO_program.o
 .data          0x20000020        0x0 Stm32_F446RE_Startup.o
                0x20000020                        . = ALIGN (0x4)
                0x20000020                        _edata = .

.igot.plt       0x20000020        0x0 load address 0x08000c10
 .igot.plt      0x20000020        0x0 main.o

.bss            0x20000020        0x4 load address 0x08000c10
                0x20000020                        _sbss = .
 *(.bss)
 .bss           0x20000020        0x4 main.o
                0x20000020                y
 .bss           0x20000024        0x0 RCC_program.o
 .bss           0x20000024        0x0 GPIO_program.o
 .bss           0x20000024        0x0 Stm32_F446RE_Startup.o
                0x20000024                        _ebss = .
OUTPUT(final.elf elf32-littlearm)
LOAD linker stubs

.comment        0x00000000       0x45
 .comment       0x00000000       0x45 main.o
                                 0x46 (size before relaxing)
 .comment       0x00000045       0x46 RCC_program.o
 .comment       0x00000045       0x46 GPIO_program.o
 .comment       0x00000045       0x46 Stm32_F446RE_Startup.o

.ARM.attributes
                0x00000000       0x2e
 .ARM.attributes
                0x00000000       0x2e main.o
 .ARM.attributes
                0x0000002e       0x2e RCC_program.o
 .ARM.attributes
                0x0000005c       0x2e GPIO_program.o
 .ARM.attributes
                0x0000008a       0x2e Stm32_F446RE_Startup.o
